{"level":"info","message":"Initializing lazy MongoClient...","service":"call-automation","timestamp":"2026-09-06 13:54:59"}
{"level":"info","message":"[Wompi] Sincronización de transacción","reference":"68fff34b-8c44-4119-9d8b-ebf2b4cb7648-b8a9da02a22b","service":"call-automation","status":"creada","timestamp":"2026-09-06 15:15:37","updated":false}
{"level":"info","message":"[Wompi] Sincronización de transacción","reference":"fe6b576e-b089-4003-a66f-12fafaf03237-6bd4deb6b83d","service":"call-automation","status":"pagada","timestamp":"2026-09-06 15:15:39","updated":false}
{"level":"info","message":"Usuarios listados con éxito: 1","operation":"listar_usuarios","service":"call-automation","timestamp":"2026-09-06 15:19:18"}
{"level":"info","message":"Usuarios listados con éxito: 1","operation":"listar_usuarios","service":"call-automation","timestamp":"2026-09-06 15:19:18"}
{"level":"info","message":"Usuarios listados con éxito: 1","operation":"listar_usuarios","service":"call-automation","timestamp":"2026-09-06 15:19:18"}
{"level":"info","message":"Contactos listados con éxito: 3","operation":"listar_contactos","service":"call-automation","timestamp":"2026-09-06 15:25:14"}
{"level":"info","message":"Contactos listados con éxito: 3","operation":"listar_contactos","service":"call-automation","timestamp":"2026-09-06 15:25:14"}
{"level":"info","message":"Contactos listados con éxito: 3","operation":"listar_contactos","service":"call-automation","timestamp":"2026-09-06 15:25:14"}
{"level":"info","message":"Initializing lazy MongoClient...","service":"call-automation","timestamp":"2026-09-06 15:36:45"}
{"level":"info","message":"Usuarios listados con éxito: 1","operation":"listar_usuarios","service":"call-automation","timestamp":"2026-09-06 15:36:45"}
{"level":"info","message":"Usuarios listados con éxito: 1","operation":"listar_usuarios","service":"call-automation","timestamp":"2026-09-06 15:36:45"}
{"level":"info","message":"Usuarios listados con éxito: 1","operation":"listar_usuarios","service":"call-automation","timestamp":"2026-09-06 15:36:45"}
{"level":"info","message":"Initializing lazy MongoClient...","service":"call-automation","timestamp":"2026-09-06 20:10:31"}
{"level":"info","message":"Contactos listados con éxito: 3","operation":"listar_contactos","service":"call-automation","timestamp":"2026-09-06 20:10:52"}
{"level":"info","message":"Contactos listados con éxito: 3","operation":"listar_contactos","service":"call-automation","timestamp":"2026-09-06 20:10:52"}
{"level":"info","message":"Contactos listados con éxito: 3","operation":"listar_contactos","service":"call-automation","timestamp":"2026-09-06 20:10:52"}
{"level":"info","message":"Contacto obtenido con éxito","service":"call-automation","timestamp":"2026-09-06 20:10:55"}
{"level":"info","message":"Usuarios listados con éxito: 1","operation":"listar_usuarios","service":"call-automation","timestamp":"2026-09-06 21:05:29"}
{"level":"info","message":"Usuarios listados con éxito: 1","operation":"listar_usuarios","service":"call-automation","timestamp":"2026-09-06 21:05:29"}
{"level":"info","message":"Usuarios listados con éxito: 1","operation":"listar_usuarios","service":"call-automation","timestamp":"2026-09-06 21:05:29"}
{"level":"info","message":"Contactos listados con éxito: 3","operation":"listar_contactos","service":"call-automation","timestamp":"2026-09-06 21:05:29"}
{"level":"info","message":"Contactos listados con éxito: 3","operation":"listar_contactos","service":"call-automation","timestamp":"2026-09-06 21:05:29"}
{"level":"info","message":"Contactos listados con éxito: 3","operation":"listar_contactos","service":"call-automation","timestamp":"2026-09-06 21:05:29"}
{"level":"info","message":"Usuarios listados con éxito: 1","operation":"listar_usuarios","service":"call-automation","timestamp":"2026-09-06 21:05:32"}
{"level":"info","message":"Usuarios listados con éxito: 1","operation":"listar_usuarios","service":"call-automation","timestamp":"2026-09-06 21:05:32"}
{"level":"info","message":"Contactos listados con éxito: 3","operation":"listar_contactos","service":"call-automation","timestamp":"2026-09-06 21:05:33"}
{"level":"info","message":"Contactos listados con éxito: 3","operation":"listar_contactos","service":"call-automation","timestamp":"2026-09-06 21:05:33"}
{"level":"info","message":"[Wompi] Sincronización de transacción","reference":"fe6b576e-b089-4003-a66f-12fafaf03237-6bd4deb6b83d","service":"call-automation","status":"pagada","timestamp":"2026-09-06 21:05:39","updated":false}
{"level":"info","message":"[Wompi] Sincronización de transacción","reference":"68fff34b-8c44-4119-9d8b-ebf2b4cb7648-b8a9da02a22b","service":"call-automation","status":"creada","timestamp":"2026-09-06 21:05:40","updated":false}
{"level":"info","message":"Usuarios listados con éxito: 1","operation":"listar_usuarios","service":"call-automation","timestamp":"2026-09-06 21:05:59"}
{"level":"info","message":"Usuarios listados con éxito: 1","operation":"listar_usuarios","service":"call-automation","timestamp":"2026-09-06 21:05:59"}
{"level":"info","message":"Contactos listados con éxito: 3","operation":"listar_contactos","service":"call-automation","timestamp":"2026-09-06 21:06:01"}
{"level":"info","message":"Contactos listados con éxito: 3","operation":"listar_contactos","service":"call-automation","timestamp":"2026-09-06 21:06:01"}
{"level":"info","message":"Usuarios listados con éxito: 1","operation":"listar_usuarios","service":"call-automation","timestamp":"2026-09-06 21:35:13"}
{"level":"info","message":"Usuarios listados con éxito: 1","operation":"listar_usuarios","service":"call-automation","timestamp":"2026-09-06 21:35:13"}
{"level":"info","message":"Usuarios listados con éxito: 1","operation":"listar_usuarios","service":"call-automation","timestamp":"2026-09-06 21:35:13"}
{"level":"info","message":"Contactos listados con éxito: 3","operation":"listar_contactos","service":"call-automation","timestamp":"2026-09-06 21:35:14"}
{"level":"info","message":"Contactos listados con éxito: 3","operation":"listar_contactos","service":"call-automation","timestamp":"2026-09-06 21:35:14"}
{"level":"info","message":"Contactos listados con éxito: 3","operation":"listar_contactos","service":"call-automation","timestamp":"2026-09-06 21:35:14"}
{"level":"info","message":"Initializing lazy MongoClient...","service":"call-automation","timestamp":"2026-09-07 00:21:19"}
{"level":"info","message":"Initializing lazy MongoClient...","service":"call-automation","timestamp":"2026-09-07 01:03:10"}
{"level":"info","message":"Usuarios listados con éxito: 1","operation":"listar_usuarios","service":"call-automation","timestamp":"2026-09-07 13:05:36"}
{"level":"info","message":"Usuarios listados con éxito: 1","operation":"listar_usuarios","service":"call-automation","timestamp":"2026-09-07 13:05:36"}
{"level":"info","message":"Usuarios listados con éxito: 1","operation":"listar_usuarios","service":"call-automation","timestamp":"2026-09-07 13:05:36"}
{"level":"info","message":"Contactos listados con éxito: 3","operation":"listar_contactos","service":"call-automation","timestamp":"2026-09-07 13:05:37"}
{"level":"info","message":"Contactos listados con éxito: 3","operation":"listar_contactos","service":"call-automation","timestamp":"2026-09-07 13:05:37"}
{"level":"info","message":"Contactos listados con éxito: 3","operation":"listar_contactos","service":"call-automation","timestamp":"2026-09-07 13:05:37"}
{"level":"info","message":"Usuarios listados con éxito: 1","operation":"listar_usuarios","service":"call-automation","timestamp":"2026-09-07 13:11:07"}
{"level":"info","message":"Usuarios listados con éxito: 1","operation":"listar_usuarios","service":"call-automation","timestamp":"2026-09-07 13:11:07"}
{"level":"info","message":"Usuarios listados con éxito: 1","operation":"listar_usuarios","service":"call-automation","timestamp":"2026-09-07 13:11:07"}
{"level":"info","message":"Contactos listados con éxito: 3","operation":"listar_contactos","service":"call-automation","timestamp":"2026-09-07 13:11:12"}
{"level":"info","message":"Usuarios listados con éxito: 1","operation":"listar_usuarios","service":"call-automation","timestamp":"2026-09-07 13:11:12"}
{"level":"info","message":"Contactos listados con éxito: 3","operation":"listar_contactos","service":"call-automation","timestamp":"2026-09-07 13:11:12"}
{"level":"info","message":"Usuarios listados con éxito: 1","operation":"listar_usuarios","service":"call-automation","timestamp":"2026-09-07 13:11:12"}
{"level":"info","message":"Contactos listados con éxito: 3","operation":"listar_contactos","service":"call-automation","timestamp":"2026-09-07 13:11:12"}
{"level":"info","message":"Initializing lazy MongoClient...","service":"call-automation","timestamp":"2026-09-07 13:58:31"}
{"level":"info","message":"Initializing lazy MongoClient...","service":"call-automation","timestamp":"2026-09-07 16:41:50"}
{"level":"info","message":"Usuarios listados con éxito: 1","operation":"listar_usuarios","service":"call-automation","timestamp":"2026-09-07 16:41:54"}
{"level":"info","message":"Usuarios listados con éxito: 1","operation":"listar_usuarios","service":"call-automation","timestamp":"2026-09-07 16:41:54"}
{"level":"info","message":"Usuarios listados con éxito: 1","operation":"listar_usuarios","service":"call-automation","timestamp":"2026-09-07 16:41:55"}
{"level":"info","message":"Contactos listados con éxito: 3","operation":"listar_contactos","service":"call-automation","timestamp":"2026-09-07 16:41:55"}
{"level":"info","message":"Contactos listados con éxito: 3","operation":"listar_contactos","service":"call-automation","timestamp":"2026-09-07 16:41:55"}
{"level":"info","message":"Contactos listados con éxito: 3","operation":"listar_contactos","service":"call-automation","timestamp":"2026-09-07 16:41:55"}
{"level":"info","message":"Initializing lazy MongoClient...","service":"call-automation","timestamp":"2026-09-07 16:41:58"}
{"level":"info","message":"Usuarios listados con éxito: 1","operation":"listar_usuarios","service":"call-automation","timestamp":"2026-09-07 16:42:03"}
{"level":"info","message":"Usuarios listados con éxito: 1","operation":"listar_usuarios","service":"call-automation","timestamp":"2026-09-07 16:42:03"}
{"level":"info","message":"Initializing lazy MongoClient...","service":"call-automation","timestamp":"2026-09-07 16:42:07"}
{"level":"info","message":"Initializing lazy MongoClient...","service":"call-automation","timestamp":"2026-09-07 16:42:50"}
{"level":"info","message":"Usuarios listados con éxito: 1","operation":"listar_usuarios","service":"call-automation","timestamp":"2026-09-07 16:43:01"}
{"level":"info","message":"Usuarios listados con éxito: 1","operation":"listar_usuarios","service":"call-automation","timestamp":"2026-09-07 16:43:01"}
{"level":"info","message":"Usuarios listados con éxito: 1","operation":"listar_usuarios","service":"call-automation","timestamp":"2026-09-07 16:43:01"}
{"level":"info","message":"Contactos listados con éxito: 3","operation":"listar_contactos","service":"call-automation","timestamp":"2026-09-07 16:43:02"}
{"level":"info","message":"Contactos listados con éxito: 3","operation":"listar_contactos","service":"call-automation","timestamp":"2026-09-07 16:43:02"}
{"level":"info","message":"Contactos listados con éxito: 3","operation":"listar_contactos","service":"call-automation","timestamp":"2026-09-07 16:43:02"}
{"level":"info","message":"Initializing lazy MongoClient...","service":"call-automation","timestamp":"2026-09-07 16:43:29"}
{"level":"info","message":"Usuarios listados con éxito: 1","operation":"listar_usuarios","service":"call-automation","timestamp":"2026-09-07 16:43:52"}
{"level":"info","message":"Usuarios listados con éxito: 1","operation":"listar_usuarios","service":"call-automation","timestamp":"2026-09-07 16:43:52"}
{"level":"info","message":"Usuarios listados con éxito: 1","operation":"listar_usuarios","service":"call-automation","timestamp":"2026-09-07 16:44:00"}
{"level":"info","message":"Usuarios listados con éxito: 1","operation":"listar_usuarios","service":"call-automation","timestamp":"2026-09-07 16:44:00"}
{"level":"info","message":"Usuarios listados con éxito: 1","operation":"listar_usuarios","service":"call-automation","timestamp":"2026-09-07 16:47:50"}
{"level":"info","message":"Usuarios listados con éxito: 1","operation":"listar_usuarios","service":"call-automation","timestamp":"2026-09-07 16:47:50"}
{"level":"info","message":"Usuarios listados con éxito: 1","operation":"listar_usuarios","service":"call-automation","timestamp":"2026-09-07 16:47:50"}
{"level":"info","message":"Usuarios listados con éxito: 1","operation":"listar_usuarios","service":"call-automation","timestamp":"2026-09-07 16:48:11"}
{"level":"info","message":"Usuarios listados con éxito: 1","operation":"listar_usuarios","service":"call-automation","timestamp":"2026-09-07 16:48:13"}
{"level":"info","message":"Usuarios listados con éxito: 1","operation":"listar_usuarios","service":"call-automation","timestamp":"2026-09-07 16:48:13"}
{"level":"info","message":"Initializing lazy MongoClient...","service":"call-automation","timestamp":"2026-09-07 16:52:33"}
{"level":"info","message":"Initializing lazy MongoClient...","service":"call-automation","timestamp":"2026-09-07 16:54:28"}
{"level":"info","message":"Usuarios listados con éxito: 1","operation":"listar_usuarios","service":"call-automation","timestamp":"2026-09-07 17:00:45"}
{"level":"info","message":"Usuarios listados con éxito: 1","operation":"listar_usuarios","service":"call-automation","timestamp":"2026-09-07 17:00:45"}
{"level":"info","message":"Usuarios listados con éxito: 1","operation":"listar_usuarios","service":"call-automation","timestamp":"2026-09-07 17:00:45"}
{"level":"info","message":"Contactos listados con éxito: 3","operation":"listar_contactos","service":"call-automation","timestamp":"2026-09-07 17:00:46"}
{"level":"info","message":"Contactos listados con éxito: 3","operation":"listar_contactos","service":"call-automation","timestamp":"2026-09-07 17:00:46"}
{"level":"info","message":"Contactos listados con éxito: 3","operation":"listar_contactos","service":"call-automation","timestamp":"2026-09-07 17:00:46"}
{"level":"info","message":"Initializing lazy MongoClient...","service":"call-automation","timestamp":"2026-09-07 17:04:56"}
{"level":"info","message":"Initializing lazy MongoClient...","service":"call-automation","timestamp":"2026-09-07 17:05:03"}
{"level":"info","message":"Initializing lazy MongoClient...","service":"call-automation","timestamp":"2026-09-07 17:06:51"}
{"level":"info","message":"Usuarios listados con éxito: 1","operation":"listar_usuarios","service":"call-automation","timestamp":"2026-09-07 23:40:25"}
{"level":"info","message":"Usuarios listados con éxito: 1","operation":"listar_usuarios","service":"call-automation","timestamp":"2026-09-07 23:40:25"}
{"level":"info","message":"Usuarios listados con éxito: 1","operation":"listar_usuarios","service":"call-automation","timestamp":"2026-09-07 23:40:25"}
{"level":"info","message":"Contactos listados con éxito: 3","operation":"listar_contactos","service":"call-automation","timestamp":"2026-09-07 23:40:26"}
{"level":"info","message":"Contactos listados con éxito: 3","operation":"listar_contactos","service":"call-automation","timestamp":"2026-09-07 23:40:26"}
{"level":"info","message":"Contactos listados con éxito: 3","operation":"listar_contactos","service":"call-automation","timestamp":"2026-09-07 23:40:26"}
{"level":"info","message":"Usuarios listados con éxito: 1","operation":"listar_usuarios","service":"call-automation","timestamp":"2026-09-07 23:45:44"}
{"level":"info","message":"Usuarios listados con éxito: 1","operation":"listar_usuarios","service":"call-automation","timestamp":"2026-09-07 23:45:44"}
{"level":"info","message":"Usuarios listados con éxito: 1","operation":"listar_usuarios","service":"call-automation","timestamp":"2026-09-07 23:45:44"}
{"level":"info","message":"Contactos listados con éxito: 3","operation":"listar_contactos","service":"call-automation","timestamp":"2026-09-07 23:45:44"}
{"level":"info","message":"Contactos listados con éxito: 3","operation":"listar_contactos","service":"call-automation","timestamp":"2026-09-07 23:45:44"}
{"level":"info","message":"Contactos listados con éxito: 3","operation":"listar_contactos","service":"call-automation","timestamp":"2026-09-07 23:45:44"}
{"level":"info","message":"Contactos listados con éxito: 3","operation":"listar_contactos","service":"call-automation","timestamp":"2026-09-07 23:45:47"}
{"level":"info","message":"Contactos listados con éxito: 3","operation":"listar_contactos","service":"call-automation","timestamp":"2026-09-07 23:45:47"}
{"level":"info","message":"Contacto obtenido con éxito","service":"call-automation","timestamp":"2026-09-07 23:45:54"}
{"level":"info","message":"Usuarios listados con éxito: 1","operation":"listar_usuarios","service":"call-automation","timestamp":"2026-09-07 23:46:05"}
{"level":"info","message":"Usuarios listados con éxito: 1","operation":"listar_usuarios","service":"call-automation","timestamp":"2026-09-07 23:46:05"}
{"level":"info","message":"Initializing lazy MongoClient...","service":"call-automation","timestamp":"2026-09-07 23:53:33"}
{"level":"info","message":"Initializing lazy MongoClient...","service":"call-automation","timestamp":"2026-09-07 23:53:39"}
{"level":"info","message":"Initializing lazy MongoClient...","service":"call-automation","timestamp":"2026-09-07 23:53:45"}
{"level":"info","message":"Usuarios listados con éxito: 1","operation":"listar_usuarios","service":"call-automation","timestamp":"2026-09-07 23:58:54"}
{"level":"info","message":"Usuarios listados con éxito: 1","operation":"listar_usuarios","service":"call-automation","timestamp":"2026-09-07 23:58:54"}
{"level":"info","message":"Usuarios listados con éxito: 1","operation":"listar_usuarios","service":"call-automation","timestamp":"2026-09-07 23:58:54"}
{"level":"info","message":"Contactos listados con éxito: 3","operation":"listar_contactos","service":"call-automation","timestamp":"2026-09-07 23:58:56"}
{"level":"info","message":"Contactos listados con éxito: 3","operation":"listar_contactos","service":"call-automation","timestamp":"2026-09-07 23:58:56"}
{"level":"info","message":"Contactos listados con éxito: 3","operation":"listar_contactos","service":"call-automation","timestamp":"2026-09-07 23:58:56"}
{"level":"info","message":"Usuarios listados con éxito: 1","operation":"listar_usuarios","service":"call-automation","timestamp":"2026-09-08 00:07:15"}
{"level":"info","message":"Usuarios listados con éxito: 1","operation":"listar_usuarios","service":"call-automation","timestamp":"2026-09-08 00:07:15"}
{"level":"info","message":"Usuarios listados con éxito: 1","operation":"listar_usuarios","service":"call-automation","timestamp":"2026-09-08 00:07:15"}
{"level":"info","message":"Contactos listados con éxito: 3","operation":"listar_contactos","service":"call-automation","timestamp":"2026-09-08 00:07:30"}
{"level":"info","message":"Contactos listados con éxito: 3","operation":"listar_contactos","service":"call-automation","timestamp":"2026-09-08 00:07:30"}
{"level":"info","message":"Contactos listados con éxito: 3","operation":"listar_contactos","service":"call-automation","timestamp":"2026-09-08 00:07:30"}
{"level":"info","message":"Usuarios listados con éxito: 1","operation":"listar_usuarios","service":"call-automation","timestamp":"2026-09-08 00:20:44"}
{"level":"info","message":"Usuarios listados con éxito: 1","operation":"listar_usuarios","service":"call-automation","timestamp":"2026-09-08 00:20:44"}
{"level":"info","message":"Usuarios listados con éxito: 1","operation":"listar_usuarios","service":"call-automation","timestamp":"2026-09-08 00:20:44"}
{"level":"info","message":"Contactos listados con éxito: 3","operation":"listar_contactos","service":"call-automation","timestamp":"2026-09-08 00:20:49"}
{"level":"info","message":"Contactos listados con éxito: 3","operation":"listar_contactos","service":"call-automation","timestamp":"2026-09-08 00:20:49"}
{"level":"info","message":"Contactos listados con éxito: 3","operation":"listar_contactos","service":"call-automation","timestamp":"2026-09-08 00:20:49"}
{"level":"info","message":"Usuarios listados con éxito: 1","operation":"listar_usuarios","service":"call-automation","timestamp":"2026-09-08 00:24:20"}
{"level":"info","message":"Usuarios listados con éxito: 1","operation":"listar_usuarios","service":"call-automation","timestamp":"2026-09-08 00:24:20"}
{"level":"info","message":"Usuarios listados con éxito: 1","operation":"listar_usuarios","service":"call-automation","timestamp":"2026-09-08 00:24:20"}
{"level":"info","message":"Contactos listados con éxito: 3","operation":"listar_contactos","service":"call-automation","timestamp":"2026-09-08 00:24:23"}
{"level":"info","message":"Contactos listados con éxito: 3","operation":"listar_contactos","service":"call-automation","timestamp":"2026-09-08 00:24:23"}
{"level":"info","message":"Contactos listados con éxito: 3","operation":"listar_contactos","service":"call-automation","timestamp":"2026-09-08 00:24:23"}
